
> paper-playground@0.1.0 build /var/lib/t3/worktrees/tadoku/t3code-a6ef6616/frontend/apps/paper-playground
> vite build

vite v6.4.3 building for production...
transforming...
Browserslist: browsers data (caniuse-lite) is 17 months old. Please run:
  npx update-browserslist-db@latest
  Why you should do it regularly: https://github.com/browserslist/update-db#readme
✓ 1033 modules transformed.
rendering chunks...
computing gzip size...
dist/index.html                                0.57 kB │ gzip:   0.36 kB
dist/assets/wordmark-accent-DG1v_e1J.svg       4.06 kB │ gzip:   1.74 kB
dist/assets/wordmark-reversed-Mt2ChE5z.svg     4.08 kB │ gzip:   1.74 kB
dist/assets/open-sans-700-CDFmF5Hg.woff2      57.75 kB
dist/assets/open-sans-600-CXiIsNvT.woff2      59.70 kB
dist/assets/open-sans-400-BCI9iKGv.woff2      59.70 kB
dist/assets/merriweather-700-Cc1Z997k.woff2  367.81 kB
dist/assets/contests-BJZrmBci.css              6.56 kB │ gzip:   1.59 kB
dist/assets/editorial-lb5hLUcK.css             8.25 kB │ gzip:   1.91 kB
dist/assets/records-TQJkXDim.css              12.62 kB │ gzip:   2.41 kB
dist/assets/index-XPpYc5W4.css                64.03 kB │ gzip:   9.98 kB
dist/assets/PlusIcon-CeQ2zD5O.js               0.52 kB │ gzip:   0.39 kB │ map:     1.47 kB
dist/assets/HomePage-C-8_9EEw.js               9.25 kB │ gzip:   3.29 kB │ map:    19.35 kB
dist/assets/LeaderboardPage-CGwuyql2.js       12.01 kB │ gzip:   4.46 kB │ map:    28.89 kB
dist/assets/LogPage-BHer9fqy.js               13.10 kB │ gzip:   4.74 kB │ map:    30.50 kB
dist/assets/AdminPage-Cg8pB5QO.js             13.11 kB │ gzip:   3.92 kB │ map:    27.37 kB
dist/assets/ProfilePages-qV_lhkRy.js          13.60 kB │ gzip:   4.28 kB │ map:    32.32 kB
dist/assets/GuidePage-D7FvFmOq.js             13.68 kB │ gzip:   4.66 kB │ map:    23.83 kB
dist/assets/ContestsPage-bzp1QXx5.js          20.56 kB │ gzip:   5.96 kB │ map:    45.64 kB
dist/assets/index-dbk4Fuks.js                557.43 kB │ gzip: 182.15 kB │ map: 2,715.49 kB

(!) Some chunks are larger than 500 kB after minification. Consider:
- Using dynamic import() to code-split the application
- Use build.rollupOptions.output.manualChunks to improve chunking: https://rollupjs.org/configuration-options/#output-manualchunks
- Adjust chunk size limit for this warning via build.chunkSizeWarningLimit.
✓ built in 2.13s
